
> backend@1.0.0 test
> jest src/routes/__tests__/products.test.ts

  console.log
    [dotenv@17.3.1] injecting env (7) from .env -- tip: ΓÜÖ∩╕Å  write to custom object with { processEnv: myObject }

      at _log (node_modules/dotenv/lib/main.js:139:11)

  console.log
    [dotenv@17.3.1] injecting env (0) from .env -- tip: ΓÜÖ∩╕Å  override existing env vars with { override: true }

      at _log (node_modules/dotenv/lib/main.js:139:11)

node.exe : FAIL src/rou
tes/__tests__/products.
test.ts (6.106 s)
At line:1 char:1
+ & "C:\Program 
Files\nodejs/node.exe" 
"C:\Users\amans\AppData
\Roaming\ ...
+ ~~~~~~~~~~~~~~~~~~~~~
~~~~~~~~~~~~~~~~~~~~~~~
~~~~~~~~~~~~~~~~~~~~~~~
~~
    + CategoryInfo     
         : NotSpecifi  
  ed: (FAIL src/rout   
 es...st.ts (6.106     
s):String) [], Rem    
oteException
    + FullyQualifiedEr 
   rorId : NativeComm  
  andError
 
  Product Routes
    GET /api/products
      ├ù should fetch 
products with 
pagination (423 ms)
    POST /api/products
      ├ù should allow 
admin to create a 
product (330 ms)
      ΓêÜ should 
return 403 for 
non-admin user (281 ms)
      ΓêÜ should 
return 401 for 
unauthenticated user 
(274 ms)
      ΓêÜ should 
return 400 for invalid 
product data (290 ms)

  ΓùÅ Product Routes 
ΓÇ║ GET /api/products 
ΓÇ║ should fetch 
products with 
pagination

    expect(received).to
HaveProperty(path)

    Expected path: 
"total"
    Received path: []

    Received value: 
{"categories": [], 
"pagination": 
{"currentPage": 1, 
"limit": 10, 
"totalItems": 0, 
"totalPages": 0}, 
"products": []}

    [0m [90m 45 
|[39m             expe
ct(res[33m.[39mstatus
)[33m.[39mtoBe([35m2
00[39m)[33m;[39m
     [90m 46 |[39m   
          expect(res[3
3m.[39mbody)[33m.[39
mtoHaveProperty([32m'p
roducts'[39m)[33m;[3
9m
    [31m[1m>[22m[39
m[90m 47 |[39m       
      expect(res[33m.
[39mbody)[33m.[39mtoH
aveProperty([32m'total
'[39m)[33m;[39m
     [90m    |[39m   
                       
    
[31m[1m^[22m[39m
     [90m 48 |[39m   
          expect(res[3
3m.[39mbody)[33m.[39
mtoHaveProperty([32m'p
ages'[39m)[33m;[39m
     [90m 49 |[39m   
      })[33m;[39m
     [90m 50 |[39m   
  })[33m;[39m[0m

      at 
Object.<anonymous> (src
/routes/__tests__/produ
cts.test.ts:47:30)

  ΓùÅ Product Routes 
ΓÇ║ POST /api/products 
ΓÇ║ should allow admin 
to create a product

    expect(received).to
Be(expected) // 
Object.is equality

    Expected: 201
    Received: 400

    [0m [90m 66 
|[39m                 
[33m.[39msend(newProd
uct)[33m;[39m
     [90m 67 |[39m
    [31m[1m>[22m[39
m[90m 68 |[39m       
      expect(res[33m.
[39mstatus)[33m.[39mt
oBe([35m201[39m)[33m
;[39m
     [90m    |[39m   
                       
      
[31m[1m^[22m[39m
     [90m 69 |[39m   
          expect(res[3
3m.[39mbody)[33m.[39
mtoHaveProperty([32m'n
ame'[39m[33m,[39m ne
wProduct[33m.[39mname
)[33m;[39m
     [90m 70 |[39m   
      })[33m;[39m
     [90m 71 
|[39m[0m

      at 
Object.<anonymous> (src
/routes/__tests__/produ
cts.test.ts:68:32)

Test Suites: 1 failed, 
1 total
Tests:       2 failed, 
3 passed, 5 total
Snapshots:   0 total
Time:        6.598 s, 
estimated 10 s
Ran all test suites 
matching src/routes/__t
ests__/products.test.ts
.
Force exiting Jest: 
Have you considered 
using 
`--detectOpenHandles` 
to detect async 
operations that kept 
running after all 
tests finished?
